// Jest Snapshot v1, https://goo.gl/fbAQLP

exports[`Renders HeaderImg component 1`] = `
<div>
  <div
    className=" gatsby-image-outer-wrapper"
    style={
      Object {
        "position": "relative",
      }
    }
  >
    <div
      className="sc-bdVaJa gpwlEx gatsby-image-wrapper"
      style={
        Object {
          "overflow": "hidden",
          "position": "relative",
        }
      }
    >
      <div
        style={
          Object {
            "paddingBottom": "70.875%",
            "width": "100%",
          }
        }
      />
      <img
        alt=""
        onLoad={undefined}
        src="data:image/jpeg;base64,/9j/2wBDAAYEBQYFBAYGBQYHBwYIChAKCgkJChQODwwQFxQYGBcUFhYaHSUfGhsjHBYWICwgIyYnKSopGR8tMC0oMCUoKSj/2wBDAQcHBwoIChMKChMoGhYaKCgoKCgoKCgoKCgoKCgoKCgoKCgoKCgoKCgoKCgoKCgoKCgoKCgoKCgoKCgoKCgoKCj/wAARCAAOABQDASIAAhEBAxEB/8QAGAAAAwEBAAAAAAAAAAAAAAAAAAIEAwf/xAAgEAABBAIBBQAAAAAAAAAAAAABAAIDIQQSMREiQYHR/8QAFgEBAQEAAAAAAAAAAAAAAAAABAMF/8QAGxEAAgMAAwAAAAAAAAAAAAAAAQIAEjEDBBH/2gAMAwEAAhEDEQA/AONAdfFDlaBoTtio9x+pNSJNSUS3uTTqV0S6GFjomkyRtrgoUWZWQ7WhVekKI4WYWtsQewqGpXJ//9k="
        style={
          Object {
            "height": "100%",
            "left": 0,
            "objectFit": "cover",
            "objectPosition": "center",
            "opacity": 0,
            "position": "absolute",
            "top": 0,
            "transition": "opacity 0.5s",
            "transitionDelay": "0.25s",
            "width": "100%",
          }
        }
        title={undefined}
      />
      <img
        alt=""
        onLoad={[Function]}
        sizes="(max-width: 1080px) 100vw, 1080px"
        src="/static/dark-bg-1eba63084a303b30ed3ba9939c27ee26-978f9.png"
        srcSet={undefined}
        style={
          Object {
            "height": "100%",
            "left": 0,
            "objectFit": "cover",
            "objectPosition": "center",
            "opacity": 1,
            "position": "absolute",
            "top": 0,
            "transition": "opacity 0.5s",
            "width": "100%",
          }
        }
        title={undefined}
      />
      <noscript
        dangerouslySetInnerHTML={
          Object {
            "__html": "<img width=\\"\\" height=\\"\\" src=\\"/static/dark-bg-1eba63084a303b30ed3ba9939c27ee26-978f9.png\\" srcset=\\"undefined\\" alt=\\"\\" title=\\"\\" sizes=\\"(max-width: 1080px) 100vw, 1080px\\" style=\\"position:absolute;top:0;left:0;transition:opacity 0.5s;transition-delay:0.5s;opacity:1;width:100%;height:100%;object-fit:cover;object-position:center\\"/>",
          }
        }
      />
    </div>
  </div>
  <div
    className="sc-bwzfXH bZgOVJ"
  >
    <p
      className="sc-htpNat jYQgjw"
    >
      We create beautifully-crafted designs that 
      <span
        className="sc-bxivhb hdvesG"
      >
        stand out
      </span>
       from the crowd.
    </p>
  </div>
</div>
`;
